http://google.com
http://youtube.com
http://facebook.com
http://baidu.com
http://yahoo.com
http://wikipedia.org
http://google.co.in
http://twitter.com
http://amazon.com
http://qq.com
http://live.com
http://taobao.com
http://google.co.jp
http://vk.com
http://linkedin.com
http://instagram.com
http://weibo.com
http://sina.com.cn
http://hao123.com
http://360.cn
http://sohu.com
http://yahoo.co.jp
http://yandex.ru
http://google.de
http://google.com.br
http://reddit.com
http://tmall.com
http://google.co.uk
http://google.fr
http://onclickads.net
http://bing.com
http://t.co
http://ebay.com
http://msn.com
http://wordpress.com
http://apple.com
http://google.it
http://tumblr.com
http://soso.com
http://blogspot.com
http://microsoft.com
http://stackoverflow.com
http://google.es
http://mail.ru
http://blogger.com
http://pinterest.com
http://netflix.com
http://aliexpress.com
http://ok.ru
http://google.com.mx
http://paypal.com
http://amazon.co.jp
http://google.ru
http://imgur.com
http://imdb.com
http://github.com
http://google.com.hk
http://google.ca
http://naver.com
http://popads.net
http://gmw.cn
http://google.co.kr
http://pornhub.com
http://youku.com
http://office.com
http://whatsapp.com
http://fc2.com
http://360.com
http://youth.cn
http://haosou.com
http://google.co.id
http://cnzz.com
http://dropbox.com
http://google.com.tr
http://amazon.in
http://xvideos.com
http://microsoftonline.com
http://bongacams.com
http://xhamster.com
http://google.pl
http://isanalyze.com
http://google.com.tw
http://googleusercontent.com
http://tianya.cn
http://google.com.au
http://cntv.cn
http://craigslist.org
http://amazon.de
http://adobe.com
http://twitch.tv
http://china.com.cn
http://xinhuanet.com
http://rakuten.co.jp
http://pixnet.net
http://wikia.com
http://cnn.com
http://alibaba.com
http://quora.com
http://adf.ly
http://google.com.ar
http://coccoc.com
http://google.com.eg
http://ask.com
http://espn.com
http://outbrain.com
http://amazon.co.uk
http://tudou.com
http://txxx.com
http://dailymotion.com
http://google.co.th
http://bbc.com
http://google.com.sa
http://godaddy.com
http://bbc.co.uk
http://google.com.pk
http://amazonaws.com
http://booking.com
http://salesforce.com
http://alipay.com
http://soundcloud.com
http://vimeo.com
http://flipkart.com
http://ebay.de
http://diply.com
http://nytimes.com
http://mama.cn
http://ebay.co.uk
http://indiatimes.com
http://google.nl
http://ettoday.net
http://zhihu.com
http://terraclicks.com
http://dailymail.co.uk
http://globo.com
http://uol.com.br
http://thepiratebay.org
http://huanqiu.com
http://daum.net
http://stackexchange.com
http://disqus.com
http://w3schools.com
http://doubleclick.net
http://bet365.com
http://so.com
http://chase.com
http://skype.com
http://bilibili.com
http://babytree.com
http://51.la
http://indeed.com
http://google.co.ve
http://google.co.za
http://blastingnews.com
http://force.com
http://slideshare.net
http://uptodown.com
http://zol.com.cn
http://china.com
http://tribunnews.com
http://savefrom.net
http://163.com
http://nicovideo.jp
http://addthis.com
http://buzzfeed.com
http://cnet.com
http://deviantart.com
http://google.com.co
http://theguardian.com
http://wordpress.org
http://9gag.com
http://livedoor.jp
http://huffingtonpost.com
http://trello.com
http://ameblo.jp
http://sogou.com
http://avito.ru
http://etsy.com
http://mediafire.com
http://bankofamerica.com
http://google.com.ph
http://google.com.vn
http://extratorrent.cc
http://google.com.sg
http://xywy.com
http://mozilla.org
http://github.io
http://naver.jp
http://steampowered.com
http://bp.blogspot.com
http://bitauto.com
http://popcash.net
http://slack.com
http://google.gr
http://goo.ne.jp
http://chaturbate.com
http://google.com.ng
http://spotify.com
http://caijing.com.cn
http://fbcdn.net
http://myway.com
http://51yes.com
http://people.com.cn
http://adexchangeprediction.com
http://jd.com
http://hclips.com
http://vice.com
http://onlinesbi.com
http://blogspot.in
http://cloudfront.net
http://xnxx.com
http://wellsfargo.com
http://walmart.com
http://google.com.ua
http://ytimg.com
http://wikihow.com
http://google.be
http://1905.com
http://adexc.net
http://livejasmin.com
http://forbes.com
http://openload.co
http://shutterstock.com
http://putlocker.is
http://detik.com
http://google.ro
http://chinadaily.com.cn
http://cnnic.cn
http://taboola.com
http://weather.com
http://mercadolivre.com.br
http://yelp.com
http://feedly.com
http://redtube.com
http://gfycat.com
http://thewhizmarketing.com
http://csdn.net
http://nih.gov
http://amazon.it
http://amazon.fr
http://google.se
http://aol.com
http://upornia.com
http://twimg.com
http://flickr.com
http://washingtonpost.com
http://livejournal.com
http://ikea.com
http://zillow.com
http://google.com.pe
http://tripadvisor.com
http://giphy.com
http://39.net
http://mailchimp.com
http://wordreference.com
http://google.at
http://wikimedia.org
http://tistory.com
http://varzesh3.com
http://snapdeal.com
http://foxnews.com
http://archive.org
http://dmm.co.jp
http://weebly.com
http://wetransfer.com
http://youporn.com
http://iwanttodeliver.com
http://google.dz
http://enet.com.cn
http://files.wordpress.com
http://taringa.net
http://allegro.pl
http://google.ch
http://instructure.com
http://kinogo.club
http://doublepimp.com
http://detail.tmall.com
http://exoclick.com
http://globaloffers.link
http://douban.com
http://reimageplus.com
http://themeforest.net
http://zendesk.com
http://amazon.cn
http://kakaku.com
http://theladbible.com
http://sourceforge.net
http://webtretho.com
http://google.pt
http://softonic.com
http://zippyshare.com
http://freepik.com
http://pinimg.com
http://businessinsider.com
http://leboncoin.fr
http://nametests.com
http://rambler.ru
http://ndtv.com
http://google.cz
http://cctv.com
http://directrev.com
http://thesaurus.com
http://scribd.com
http://google.com.bd
http://nfl.com
http://speedtest.net
http://ozock.com
http://rutracker.org
http://zoho.com
http://paytm.com
http://17ok.com
http://mega.nz
http://douyu.com
http://hdfcbank.com
http://ebay-kleinanzeigen.de
http://sh.st
http://iqiyi.com
http://battle.net
http://amazon.es
http://gsmarena.com
http://hatena.ne.jp
http://rednet.cn
http://upwork.com
http://google.ae
http://oracle.com
http://youtube-mp3.org
http://tradeadexchange.com
http://wittyfeed.com
http://spotscenered.info
http://onclickpredictiv.com
http://medium.com
http://1688.com
http://tokopedia.com
http://youm7.com
http://daikynguyenvn.com
http://tuberel.com
http://goodreads.com
http://adnetworkperformance.com
http://hatenablog.com
http://wix.com
http://rt.com
http://onet.pl
http://google.cl
http://google.cn
http://samsung.com
http://fiverr.com
http://icloud.com
http://nyaa.se
http://rarbg.to
http://media.tumblr.com
http://telegraph.co.uk
http://gearbest.com
http://kompas.com
http://pandora.com
http://gmx.net
http://ltn.com.tw
http://repubblica.it
http://yesky.com
http://roblox.com
http://messenger.com
http://onedio.com
http://steamcommunity.com
http://sq.cn
http://blkget.com
http://icicibank.com
http://americanexpress.com
http://evernote.com
http://clickadu.com
http://bestbuy.com
http://go.com
http://hp.com
http://secureserver.net
http://web.de
http://kaskus.co.id
http://bukalapak.com
http://google.co.il
http://google.hu
http://wp.com
http://googleapis.com
http://2ch.net
http://kinopoisk.ru
http://sharepoint.com
http://homedepot.com
http://target.com
http://google.no
http://xfinity.com
http://eksisozluk.com
http://google.ie
http://behance.net
http://asos.com
http://yts.ag
http://ifeng.com
http://capitalone.com
http://bloomberg.com
http://jrj.com.cn
http://shopify.com
http://4dsply.com
http://51sole.com
http://liputan6.com
http://conservativetribune.com
http://blogspot.jp
http://atlassian.net
http://comcast.net
http://irctc.co.in
http://usps.com
http://blackboard.com
http://sberbank.ru
http://avg.com
http://cnblogs.com
http://blog.jp
http://about.com
http://hootsuite.com
http://sabah.com.tr
http://accuweather.com
http://stumbleupon.com
http://elpais.com
http://ups.com
http://wsj.com
http://kapanlagi.com
http://usatoday.com
http://canva.com
http://digikala.com
http://seasonvar.ru
http://dictionary.com
http://akamaihd.net
http://123movies.to
http://ruten.com.tw
http://airbnb.com
http://asana.com
http://quizlet.com
http://kissanime.to
http://espncricinfo.com
http://weblio.jp
http://infusionsoft.com
http://subscene.com
http://orange.fr
http://wp.pl
http://spiegel.de
http://dell.com
http://google.dk
http://groupon.com
http://att.com
http://box.com
http://telegram.org
http://kdnet.net
http://chinaso.com
http://mediawhirl.net
http://google.fi
http://taleo.net
http://reddituploads.com
http://intuit.com
http://ebay.it
http://fedex.com
http://list-manage.com
http://pixabay.com
http://webmd.com
http://addtoany.com
http://wowhead.com
http://ouo.io
http://wixsite.com
http://udemy.com
http://clipconverter.cc
http://uploaded.net
http://ign.com
http://kickstarter.com
http://voc.com.cn
http://ebay.in
http://beeg.com
http://watsons.tmall.com
http://tutorialspoint.com
http://mlb.com
http://spankbang.com
http://abs-cbn.com
http://marca.com
http://reuters.com
http://techcrunch.com
http://goo.gl
http://tube8.com
http://engadget.com
http://citi.com
http://hurriyet.com.tr
http://qiita.com
http://thefreedictionary.com
http://google.sk
http://free.fr
http://sciencedirect.com
http://zone-telechargement.com
http://mercadolibre.com.ar
http://chaoshi.tmall.com
http://youdao.com
http://google.az
http://billdesk.com
http://researchgate.net
http://rediff.com
http://amazon.ca
http://verizonwireless.com
http://goal.com
http://nownews.com
http://php.net
http://hubspot.com
http://gizmodo.com
